Data/竞争站23年全省.csv
日期,销量（升）,石化站价格,竞争站价格,价差,0号柴油销量（升）,0号柴油价差,0号柴油石化站价格,0号柴油竞争站价格,0号柴油占比
2023-1-1,16235386.73,,7.75,,7023189.12,3.3,7.2,3.9,43.26%
2023-1-2,19099604.31,,7.75,,9558719.49,3.3,7.2,3.9,50.05%
2023-1-3,21196615.48,,7.55,,13464604.85,3.3,7.2,3.9,63.52%
2023-1-4,14719118.17,7.75,6.39,1.36,8323385.61,3.51,7.41,3.9,56.55%
2023-1-5,15010279.85,7.75,6.39,1.36,9127254.86,3.51,7.41,3.9,60.81%
2023-1-6,16382020.51,7.75,6.25,1.5,9629613.51,3.51,7.41,3.9,58.78%
2023-1-7,16641259.84,7.75,6.25,1.5,9262418.81,3.51,7.41,3.9,55.66%
2023-1-8,16673696.35,7.75,6.25,1.5,8252232.94,3.51,7.41,3.9,49.49%
2023-1-9,18326205.73,7.75,6.25,1.5,9666559.34,3.51,7.41,3.9,52.75%
2023-1-10,19691915.22,7.75,6.25,1.5,9847823.46,3.51,7.41,3.9,50.01%
2023-1-11,20491827.76,7.75,6.15,1.6,9485188.43,3.51,7.41,3.9,46.29%
2023-1-12,19746445.03,7.75,6.15,1.6,8590240.66,3.51,7.41,3.9,43.50%
2023-1-13,20914607.89,7.75,6.15,1.6,7543459.38,3.51,7.41,3.9,36.07%
2023-1-14,22330181.14,7.75,6.15,1.6,6814156.45,3.51,7.41,3.9,30.52%
2023-1-15,23375745.12,7.75,6.15,1.6,5974426.06,3.51,7.41,3.9,25.56%
2023-1-16,24206561.33,7.75,6.15,1.6,5938168.08,3.51,7.41,3.9,24.53%
2023-1-17,23448574.25,7.75,6.15,1.6,4875291.23,3.51,7.41,3.9,20.79%
2023-1-18,28010377.88,7.59,6.09,1.5,5275689.39,3.34,7.24,3.9,18.83%
2023-1-19,26162297.48,7.59,6.09,1.5,3798583.52,3.34,7.24,3.9,14.52%
2023-1-20,27192978.11,7.59,6.09,1.5,2856171.18,3.34,7.24,3.9,10.50%
2023-1-21,19455713.04,7.59,6.09,1.5,1465137.34,3.34,7.24,3.9,7.53%
2023-1-22,9672206.69,7.59,6.09,1.5,705791.45,3.34,7.24,3.9,7.30%
2023-1-23,14302108.98,7.59,6.09,1.5,1224945.6,3.34,7.24,3.9,8.56%
2023-1-24,16670178.85,7.59,6.09,1.5,1512358.93,3.34,7.24,3.9,9.07%
2023-1-25,18442796.99,7.59,6.09,1.5,1815133.94,3.34,7.24,3.9,9.84%
2023-1-26,20832414.56,7.59,6.09,1.5,2192687.6,3.34,7.24,3.9,10.53%
2023-1-27,23197967.3,7.59,6.09,1.5,2916508.76,3.34,7.24,3.9,12.57%
2023-1-28,21048622.81,7.59,6.09,1.5,4070484.03,3.34,7.24,3.9,19.34%
2023-1-29,20499286.77,7.59,6.09,1.5,5874108.26,3.34,7.24,3.9,28.66%
2023-1-30,20117606.88,7.59,6.09,1.5,7550715.26,3.34,7.24,3.9,37.53%
2023-1-31,20370867.29,7.59,6.09,1.5,8743611.08,3.34,7.24,3.9,42.92%
2023-2-1,20517901.51,7.59,6.09,1.5,9564944.87,3.34,7.24,3.9,46.62%
2023-2-2,22755766.18,7.59,6.09,1.5,11022840.41,3.34,7.24,3.9,48.44%
2023-2-3,26576741.47,7.59,6.09,1.5,13599420.08,3.34,7.24,3.9,51.17%
2023-2-4,16143233.08,7.76,6.26,1.5,6706587.15,3.51,7.41,3.9,41.54%
2023-2-5,16416978.58,7.76,6.26,1.5,5830220.7,3.51,7.41,3.9,35.51%
2023-2-6,18339468.66,7.76,6.26,1.5,7790173.29,3.51,7.41,3.9,42.48%
2023-2-7,18173174.69,7.76,6.26,1.5,9326423.24,3.51,7.41,3.9,51.32%
2023-2-8,18222940.83,7.76,6.26,1.5,9941471.58,3.51,7.41,3.9,54.55%
2023-2-9,17787771.37,7.76,6.26,1.5,8974066.83,3.51,7.41,3.9,50.45%
2023-2-10,19962497.57,7.76,6.26,1.5,10139400.53,3.51,7.41,3.9,50.79%
2023-2-11,18574079.98,7.76,6.26,1.5,8624149.34,3.51,7.41,3.9,46.43%
2023-2-12,17877780.37,7.76,6.26,1.5,6646936.77,3.51,7.41,3.9,37.18%
2023-2-13,19524303.92,7.76,6.26,1.5,9320173.67,3.51,7.41,3.9,47.74%
2023-2-14,19504655.15,7.76,6.26,1.5,10664680.38,3.51,7.41,3.9,54.68%
2023-2-15,19020527.6,7.76,6.59,1.17,11066567.1,3.51,7.41,3.9,58.18%
2023-2-16,18516909.06,7.76,6.59,1.17,10821917.92,3.51,7.41,3.9,58.44%
2023-2-17,19336702.83,7.76,6.59,1.17,10817497.19,3.51,7.41,3.9,55.94%
2023-2-18,19773070.31,7.76,6.59,1.17,10471034.65,3.51,7.41,3.9,52.96%
2023-2-19,19583622.26,7.76,6.59,1.17,8758976.37,3.51,7.41,3.9,44.73%
2023-2-20,18702161.85,7.76,6.59,1.17,11040727.84,3.51,7.41,3.9,59.03%
2023-2-21,18537444.53,7.76,6.59,1.17,11541459.3,3.51,7.41,3.9,62.26%
2023-2-22,18190779.67,7.76,6.59,1.17,11566134.42,3.51,7.41,3.9,63.58%
2023-2-23,17674337.84,7.76,6.59,1.17,10938781.21,3.51,7.41,3.9,61.89%
2023-2-24,19955807.9,7.76,6.59,1.17,11161864.22,3.51,7.41,3.9,55.93%
2023-2-25,19236247.39,7.76,6.59,1.17,10324818.93,3.51,7.41,3.9,53.67%
2023-2-26,19122226.63,7.76,6.59,1.17,8855514.16,3.51,7.41,3.9,46.31%
2023-2-27,18801088.93,7.76,6.59,1.17,11081266.51,3.51,7.41,3.9,58.94%
2023-2-28,17847996.07,7.76,6.59,1.17,11376695.19,3.51,7.41,3.9,63.74%
2023-3-1,17528014.55,7.76,6.59,1.17,10963354.95,3.51,7.41,3.9,62.55%
2023-3-2,17398033.92,7.76,6.59,1.17,11098331.85,3.51,7.41,3.9,63.79%
2023-3-3,18603938.83,7.76,6.59,1.17,11237776.86,3.51,7.41,3.9,60.41%
2023-3-4,18584875.34,7.76,6.59,1.17,10359471.77,3.51,7.41,3.9,55.74%
2023-3-5,18331054.39,7.76,6.59,1.17,8729031.68,3.51,7.41,3.9,47.62%
2023-3-6,17614623.03,7.76,6.59,1.17,10941844.17,3.51,7.41,3.9,62.12%
2023-3-7,16888064.98,7.76,6.59,1.17,11178715.07,3.51,7.41,3.9,66.19%
2023-3-8,16961486.64,7.76,6.36,1.4,11104852.83,3.51,7.41,3.9,65.47%
2023-3-9,16513844.06,7.76,6.36,1.4,10953156.64,3.51,7.41,3.9,66.33%
2023-3-10,18153905.49,7.76,6.36,1.4,11401848.44,3.51,7.41,3.9,62.81%
2023-3-11,17500138.12,7.76,6.36,1.4,9983594.44,3.51,7.41,3.9,57.05%
2023-3-12,18387709.54,7.76,6.36,1.4,8582097.09,3.51,7.41,3.9,46.67%
2023-3-13,18007193.9,7.76,6.36,1.4,11138518.06,3.51,7.41,3.9,61.86%
2023-3-14,17281668.76,7.76,6.36,1.4,11471999.41,3.51,7.41,3.9,66.38%
2023-3-15,17346493.25,7.76,6.36,1.4,11586447.87,3.51,7.41,3.9,66.79%
2023-3-16,17864077.89,7.76,6.36,1.4,11444333.07,3.51,7.41,3.9,64.06%
2023-3-17,18630086.47,7.76,6.36,1.4,9029290.89,3.51,7.41,3.9,48.47%
2023-3-18,20258420.09,7.68,6.59,1.09,10729014.01,3.43,7.33,3.9,52.96%
2023-3-19,19346535.6,7.68,6.59,1.09,8995832.29,3.43,7.33,3.9,46.50%
2023-3-20,18461886.94,7.68,6.59,1.09,11141208.95,3.43,7.33,3.9,60.35%
2023-3-21,17608394.38,7.68,6.59,1.09,10266046.07,3.43,7.33,3.9,58.30%
2023-3-22,16889064.83,7.68,6.59,1.09,9849978.84,3.43,7.33,3.9,58.32%
2023-3-23,17827156.67,7.68,6.59,1.09,10487646.71,3.43,7.33,3.9,58.83%
2023-3-24,19255653.82,7.68,6.59,1.09,10963801.66,3.43,7.33,3.9,56.94%
2023-3-25,18827494.1,7.68,6.59,1.09,9827757.77,3.43,7.33,3.9,52.20%
2023-3-26,18887006.34,7.68,6.59,1.09,8488471.27,3.43,7.33,3.9,44.94%
2023-3-27,17820078,7.68,6.58,1.1,10606009.38,3.43,7.33,3.9,59.52%
2023-3-28,16781833.55,7.68,6.58,1.1,10807843.48,3.43,7.33,3.9,64.40%
2023-3-29,16424817.59,7.68,6.58,1.1,10603995.05,3.43,7.33,3.9,64.56%
2023-3-30,16292874.99,7.68,6.58,1.1,9752522.92,3.43,7.33,3.9,59.86%
2023-3-31,17228305.73,7.68,6.58,1.1,8786898.56,3.43,7.33,3.9,51.00%
2023-4-1,24189241.48,7.41,6.48,0.93,13832377.37,3.16,7.06,3.9,57.18%
2023-4-2,21619572.94,7.41,6.48,0.93,9521135,3.16,7.06,3.9,44.04%
2023-4-3,19878482.99,7.41,6.48,0.93,10844319.38,3.16,7.06,3.9,54.55%
2023-4-4,20136832.93,7.41,6.48,0.93,9539968.4,3.16,7.06,3.9,47.38%
2023-4-5,20107046.43,7.41,6.48,0.93,7945060.77,3.16,7.06,3.9,39.51%
2023-4-6,18796077.73,7.41,6.48,0.93,11403862.35,3.16,7.06,3.9,60.67%
2023-4-7,19271231.41,7.41,6.48,0.93,12504298.7,3.16,7.06,3.9,64.89%
2023-4-8,17958573.18,7.41,6.48,0.93,10899410.77,3.16,7.06,3.9,60.69%
2023-4-9,17787814.46,7.41,6.48,0.93,9489762.64,3.16,7.06,3.9,53.35%
2023-4-10,17566922.4,7.41,6.48,0.93,11667078.25,3.16,7.06,3.9,66.42%
2023-4-11,16860300.63,7.41,6.48,0.93,12558712.95,3.16,7.06,3.9,74.49%
2023-4-12,17075492.76,7.41,6.5,0.91,12714555.39,3.16,7.06,3.9,74.46%
2023-4-13,16971101.36,7.41,6.5,0.91,12830841.41,3.16,7.06,3.9,75.60%
2023-4-14,19819115.1,7.41,6.5,0.91,12970139.65,3.16,7.06,3.9,65.44%
2023-4-15,20700979.67,7.41,6.5,0.91,12833502.51,3.16,7.06,3.9,61.99%
2023-4-16,25710349.46,7.41,6.5,0.91,14356240.59,3.16,7.06,3.9,55.84%
2023-4-17,27703860.03,7.41,6.5,0.91,21641805.96,3.16,7.06,3.9,78.12%
2023-4-18,12855621.09,7.85,6.58,1.27,6777690.06,3.61,7.51,3.9,52.72%
2023-4-19,13281553.84,7.85,6.58,1.27,8266944.6,3.61,7.51,3.9,62.24%
2023-4-20,13730208.8,7.85,6.58,1.27,9314382.38,3.61,7.51,3.9,67.84%
2023-4-21,15098083.19,7.85,6.58,1.27,10083543.67,3.61,7.51,3.9,66.79%
2023-4-22,14736056.98,7.85,6.58,1.27,9335187.88,3.61,7.51,3.9,63.35%
2023-4-23,15414333.82,7.85,6.58,1.27,8642190.5,3.61,7.51,3.9,56.07%
2023-4-24,16052680.42,7.85,6.58,1.27,10480249.51,3.61,7.51,3.9,65.29%
2023-4-25,16084987.72,7.85,6.58,1.27,11126901.94,3.61,7.51,3.9,69.18%
2023-4-26,16525329.35,7.85,6.58,1.27,11255915.88,3.61,7.51,3.9,68.11%
2023-4-27,17590746.91,7.85,6.58,1.27,11115058.07,3.61,7.51,3.9,63.19%
2023-4-28,22255481.29,7.85,6.58,1.27,9998053.45,3.61,7.51,3.9,44.92%
2023-4-29,26131217.13,7.72,6.32,1.4,9991263.18,3.47,7.37,3.9,38.23%
2023-4-30,24599885.4,7.72,6.32,1.4,7692411.81,3.47,7.37,3.9,31.27%
2023-5-1,23803945.96,7.72,6.32,1.4,5563379.97,3.47,7.37,3.9,23.37%
2023-5-2,23197532.03,7.72,6.32,1.4,6414530.07,3.47,7.37,3.9,27.65%
2023-5-3,21895698.19,7.72,6.32,1.4,6990355.03,3.47,7.37,3.9,31.93%
2023-5-4,17901800.99,7.72,6.6,1.12,9346302.95,3.47,7.37,3.9,52.21%
2023-5-5,17790492.66,7.72,6.66,1.06,9729197.08,3.47,7.37,3.9,54.69%
2023-5-6,17581895.33,7.72,6.66,1.06,10347940.7,3.47,7.37,3.9,58.86%
2023-5-7,16939229.55,7.72,6.66,1.06,8834215.53,3.47,7.37,3.9,52.15%
2023-5-8,17376452.46,7.72,6.66,1.06,10726956.54,3.47,7.37,3.9,61.73%
2023-5-9,16781914.02,7.72,6.66,1.06,10867703.87,3.47,7.37,3.9,64.76%
2023-5-10,16390393.52,7.72,6.58,1.14,10723709.8,3.47,7.37,3.9,65.43%
2023-5-11,16283809.59,7.72,6.58,1.14,10462848.31,3.47,7.37,3.9,64.25%
2023-5-12,17151560.82,7.72,6.58,1.14,10346386.83,3.47,7.37,3.9,60.32%
2023-5-13,16484042.97,7.72,6.58,1.14,9147303.55,3.47,7.37,3.9,55.49%
2023-5-14,16636320.54,7.72,6.58,1.14,7668364.28,3.47,7.37,3.9,46.09%
2023-5-15,16472995.75,7.72,6.58,1.14,9371983.34,3.47,7.37,3.9,56.89%
2023-5-16,15104297.02,7.72,6.58,1.14,8520253.28,3.47,7.37,3.9,56.41%
2023-5-17,20831107.69,7.42,6.45,0.97,13480562.49,3.16,7.06,3.9,64.71%
2023-5-18,18485134.64,7.42,6.45,0.97,11865162.49,3.16,7.06,3.9,64.19%
2023-5-19,19296294.28,7.42,6.45,0.97,11367772.12,3.16,7.06,3.9,58.91%
2023-5-20,18542306.85,7.42,6.45,0.97,9820833.61,3.16,7.06,3.9,52.96%
2023-5-21,17711494.07,7.42,6.45,0.97,8364418.42,3.16,7.06,3.9,47.23%
2023-5-22,17714236.98,7.42,6.45,0.97,9584032.35,3.16,7.06,3.9,54.10%
2023-5-23,16741422.04,7.42,6.18,1.24,10757374,3.16,7.06,3.9,64.26%
2023-5-24,16420487,7.42,6.18,1.24,10459173.27,3.16,7.06,3.9,63.70%
2023-5-25,16477125.19,7.42,6.18,1.24,10818465.13,3.16,7.06,3.9,65.66%
2023-5-26,18080799.19,7.42,6.18,1.24,10801459.47,3.16,7.06,3.9,59.74%
2023-5-27,17784508.11,7.42,6.18,1.24,9045932.77,3.16,7.06,3.9,50.86%
2023-5-28,17872173.6,7.42,6.18,1.24,8087987.57,3.16,7.06,3.9,45.25%
2023-5-29,18923921.14,7.42,6.18,1.24,10617898.55,3.16,7.06,3.9,56.11%
2023-5-30,18793614.66,7.42,6.18,1.24,12355700.01,3.16,7.06,3.9,65.74%
2023-5-31,15893838.35,7.5,6.38,1.12,9977740.42,3.24,7.14,3.9,62.78%
2023-6-1,16351308.15,7.5,6.38,1.12,10364782.45,3.24,7.14,3.9,63.39%
2023-6-2,17778096.75,7.5,6.38,1.12,10951207.31,3.24,7.14,3.9,61.60%
2023-6-3,16986912.92,7.5,6.38,1.12,10109501.11,3.24,7.14,3.9,59.51%
2023-6-4,16395752.46,7.5,6.38,1.12,8089253.24,3.24,7.14,3.9,49.34%
2023-6-5,17001805.95,7.5,6.38,1.12,9101517.05,3.24,7.14,3.9,53.53%
2023-6-6,17057573.69,7.5,6.38,1.12,10785120.94,3.24,7.14,3.9,63.23%
2023-6-7,16342274,7.5,6.38,1.12,10996054.98,3.24,7.14,3.9,67.29%
2023-6-8,16558681.96,7.5,6.38,1.12,11285948.62,3.24,7.14,3.9,68.16%
2023-6-9,18541619.74,7.5,6.38,1.12,11777931.97,3.24,7.14,3.9,63.52%
2023-6-10,17717288.39,7.5,6.38,1.12,10813221.91,3.24,7.14,3.9,61.03%
2023-6-11,17679089.2,7.5,6.38,1.12,9272668.19,3.24,7.14,3.9,52.45%
2023-6-12,17628708.3,7.5,6.38,1.12,11344885.68,3.24,7.14,3.9,64.35%
2023-6-13,16279145.12,7.5,6.38,1.12,11096358.82,3.24,7.14,3.9,68.16%
2023-6-14,17399657.03,7.46,6.38,1.08,11772751.83,3.2,7.1,3.9,67.66%
2023-6-15,17582212.59,7.46,6.38,1.08,10551057.05,3.2,7.1,3.9,60.01%
2023-6-16,18573669.49,7.46,6.38,1.08,10329055.63,3.2,7.1,3.9,55.61%
2023-6-17,17454549.05,7.46,6.38,1.08,8315012.63,3.2,7.1,3.9,47.64%
2023-6-18,17014948.17,7.46,6.38,1.08,5912637.42,3.2,7.1,3.9,34.75%
2023-6-19,18384535.34,7.46,6.38,1.08,7670682.14,3.2,7.1,3.9,41.72%
2023-6-20,20039398.41,7.46,6.38,1.08,10766591.72,3.2,7.1,3.9,53.73%
2023-6-21,23306065.75,7.46,6.38,1.08,10896892.54,3.2,7.1,3.9,46.76%
2023-6-22,20922552.22,7.46,6.38,1.08,6948722.55,3.2,7.1,3.9,33.21%
2023-6-23,18485814.72,7.46,6.38,1.08,8066626.75,3.2,7.1,3.9,43.64%
2023-6-24,18095910.97,7.46,6.38,1.08,7232940.13,3.2,7.1,3.9,39.97%
2023-6-25,18514090.59,7.46,6.38,1.08,8141424.73,3.2,7.1,3.9,43.97%
2023-6-26,18403970.42,7.46,6.38,1.08,9570766.5,3.2,7.1,3.9,52.00%
2023-6-27,19057749.5,7.46,6.38,1.08,10646909.69,3.2,7.1,3.9,55.87%
2023-6-28,20244976.99,7.46,6.38,1.08,11566825.66,3.2,7.1,3.9,57.13%
2023-6-29,18881151.39,7.51,6.18,1.33,9630563.15,3.26,7.16,3.9,51.01%
2023-6-30,20406835.12,7.51,6.18,1.33,8811522.25,3.26,7.16,3.9,43.18%
2023-7-1,20028412.18,7.51,6.18,1.33,8823356.57,3.26,7.16,3.9,44.05%
2023-7-2,18770478.37,7.51,6.18,1.33,7291197.42,3.26,7.16,3.9,38.84%
2023-7-3,20243945.36,7.51,6.18,1.33,9435825.66,3.26,7.16,3.9,46.61%
2023-7-4,19426704.54,7.51,6.18,1.33,10038515.55,3.26,7.16,3.9,51.67%
2023-7-5,19367137.52,7.51,6.48,1.03,10383100.47,3.26,7.16,3.9,53.61%
2023-7-6,19093518.9,7.51,6.48,1.03,10010252.31,3.26,7.16,3.9,52.43%
2023-7-7,20139078.72,7.51,6.48,1.03,9475732,3.26,7.16,3.9,47.05%
2023-7-8,19709630.51,7.51,6.48,1.03,8365163.17,3.26,7.16,3.9,42.44%
2023-7-9,19559924.54,7.51,6.48,1.03,7782219.96,3.26,7.16,3.9,39.79%
2023-7-10,19575355.07,7.51,6.48,1.03,9551023.19,3.26,7.16,3.9,48.79%
2023-7-11,19620809.15,7.51,6.48,1.03,10260500.19,3.26,7.16,3.9,52.29%
2023-7-12,21096070.34,7.51,6.48,1.03,12079944.31,3.26,7.16,3.9,57.26%
2023-7-13,18428718.55,7.63,6.48,1.15,9292062.51,3.39,7.29,3.9,50.42%
2023-7-14,19789994.24,7.63,6.48,1.15,9854589.66,3.39,7.29,3.9,49.80%
2023-7-15,19142281.26,7.63,6.48,1.15,8871855.56,3.39,7.29,3.9,46.35%
2023-7-16,18532527.15,7.63,6.48,1.15,7207260.8,3.39,7.29,3.9,38.89%
2023-7-17,19107927.06,7.63,6.48,1.15,9107006.53,3.39,7.29,3.9,47.66%
2023-7-18,18554180.53,7.63,6.48,1.15,10142729.06,3.39,7.29,3.9,54.67%
2023-7-19,18362961.85,7.63,6.58,1.05,9836141.63,3.39,7.29,3.9,53.57%
2023-7-20,18679225.77,7.63,6.58,1.05,9198521.44,3.39,7.29,3.9,49.24%
2023-7-21,19776171.2,7.63,6.58,1.05,9858551.77,3.39,7.29,3.9,49.85%
2023-7-22,19398318.39,7.63,6.58,1.05,8849067.67,3.39,7.29,3.9,45.62%
2023-7-23,19534821.11,7.63,6.58,1.05,7817541.62,3.39,7.29,3.9,40.02%
2023-7-24,20009379.45,7.63,6.58,1.05,10289179.84,3.39,7.29,3.9,51.42%
2023-7-25,20608439.74,7.63,6.58,1.05,11458038.48,3.39,7.29,3.9,55.60%
2023-7-26,22397935.09,7.63,6.58,1.05,13121307.69,3.39,7.29,3.9,58.58%
2023-7-27,17173703.83,7.85,6.58,1.27,8579274.12,3.61,7.51,3.9,49.96%
2023-7-28,18313848.14,7.85,6.58,1.27,8576235.54,3.61,7.51,3.9,46.83%
2023-7-29,17641835.85,7.85,6.58,1.27,7817245.47,3.61,7.51,3.9,44.31%
2023-7-30,17880389.28,7.85,6.58,1.27,7244888.55,3.61,7.51,3.9,40.52%
2023-7-31,19074033.09,7.85,6.58,1.27,9702706.98,3.61,7.51,3.9,50.87%
2023-8-1,18883863.26,7.85,6.58,1.27,9986596.64,3.61,7.51,3.9,52.88%
2023-8-2,18845581.92,7.85,6.58,1.27,10101339.91,3.61,7.51,3.9,53.60%
2023-8-3,18898854.89,7.85,6.58,1.27,10208870.33,3.61,7.51,3.9,54.02%
2023-8-4,20581500.73,7.85,6.58,1.27,10655294.15,3.61,7.51,3.9,51.77%
2023-8-5,20234561.31,7.85,6.58,1.27,9541285.76,3.61,7.51,3.9,47.15%
2023-8-6,19997194.47,7.85,6.58,1.27,8051965.06,3.61,7.51,3.9,40.27%
2023-8-7,20111005.92,7.85,6.58,1.27,10318394.55,3.61,7.51,3.9,51.31%
2023-8-8,20690126.13,7.85,6.58,1.27,11345001.13,3.61,7.51,3.9,54.83%
2023-8-9,23507109.54,7.85,6.58,1.27,13647597.42,3.61,7.51,3.9,58.06%
2023-8-10,17262957.03,8.05,6.68,1.37,8679993.52,3.81,7.71,3.9,50.28%
2023-8-11,18823510.01,8.05,6.68,1.37,9458968.16,3.81,7.71,3.9,50.25%
2023-8-12,18852259.41,8.05,6.68,1.37,8730115.93,3.81,7.71,3.9,46.31%
2023-8-13,18655898.54,8.05,6.68,1.37,7600135.45,3.81,7.71,3.9,40.74%
2023-8-14,18880309.97,8.05,6.68,1.37,9688143.83,3.81,7.71,3.9,51.31%
2023-8-15,18692927.85,8.05,6.68,1.37,10177841.77,3.81,7.71,3.9,54.45%
2023-8-16,18624474.96,8.05,6.75,1.3,10236420.1,3.81,7.71,3.9,54.96%
2023-8-17,18472319.31,8.05,6.75,1.3,9988013.14,3.81,7.71,3.9,54.07%
2023-8-18,19838479.23,8.05,6.75,1.3,10322376.52,3.81,7.71,3.9,52.03%
2023-8-19,19515147.46,8.05,6.75,1.3,9353445.87,3.81,7.71,3.9,47.93%
2023-8-20,19641888.91,8.05,6.75,1.3,7990410.96,3.81,7.71,3.9,40.68%
2023-8-21,19721638.74,8.05,6.75,1.3,9980579.35,3.81,7.71,3.9,50.61%
2023-8-22,19682358.25,8.05,6.75,1.3,9916720.99,3.81,7.71,3.9,50.38%
2023-8-23,20328057.23,8.05,6.75,1.3,11016926.07,3.81,7.71,3.9,54.20%
2023-8-24,18183089.58,8.09,6.56,1.53,9945423.04,3.85,7.75,3.9,54.70%
2023-8-25,19681862.68,8.09,6.75,1.34,10296324.93,3.85,7.75,3.9,52.31%
2023-8-26,19388793.23,8.09,6.75,1.34,9193807.29,3.85,7.75,3.9,47.42%
2023-8-27,18567575.12,8.09,6.75,1.34,7255100.19,3.85,7.75,3.9,39.07%
2023-8-28,18731292.31,8.09,6.75,1.34,8738253.32,3.85,7.75,3.9,46.65%
2023-8-29,18308653.84,8.09,6.75,1.34,9199461.43,3.85,7.75,3.9,50.25%
2023-8-30,17467318.76,8.09,6.75,1.34,8694283.28,3.85,7.75,3.9,49.77%
2023-8-31,18420679.54,8.09,6.75,1.34,10149807.27,3.85,7.75,3.9,55.10%
2023-9-1,19182886.4,8.09,6.75,1.34,10182098.01,3.85,7.75,3.9,53.08%
2023-9-2,18558967.99,8.09,6.75,1.34,9221202.26,3.85,7.75,3.9,49.69%
2023-9-3,17943634.18,8.09,6.75,1.34,7763150.58,3.85,7.75,3.9,43.26%
2023-9-4,17627628.81,8.09,6.75,1.34,10126296.87,3.85,7.75,3.9,57.45%
2023-9-5,17259331.44,8.09,6.75,1.34,10623455.04,3.85,7.75,3.9,61.55%
2023-9-6,17472701.74,8.09,6.75,1.34,10978572.09,3.85,7.75,3.9,62.83%
2023-9-7,17110371.76,8.09,6.75,1.34,10882392.03,3.85,7.75,3.9,63.60%
2023-9-8,18636625.71,8.09,6.75,1.34,11037192.98,3.85,7.75,3.9,59.22%
2023-9-9,18358501.44,8.09,6.75,1.34,9930799.72,3.85,7.75,3.9,54.09%
2023-9-10,17847460.95,8.09,6.75,1.34,8349599.47,3.85,7.75,3.9,46.78%
2023-9-11,17744910.17,8.09,6.75,1.34,10522399.6,3.85,7.75,3.9,59.30%
2023-9-12,17411717.51,8.09,6.75,1.34,10209977.9,3.85,7.75,3.9,58.64%
2023-9-13,17557272.33,8.09,6.75,1.34,9321847.35,3.85,7.75,3.9,53.09%
2023-9-14,17277752.23,8.09,6.75,1.34,10189972.09,3.85,7.75,3.9,58.98%
2023-9-15,19473414.7,8.09,6.75,1.34,10028666.21,3.85,7.75,3.9,51.50%
2023-9-16,19001438.31,8.09,6.75,1.34,9787283.68,3.85,7.75,3.9,51.51%
2023-9-17,18687755.6,8.09,6.75,1.34,9036230.86,3.85,7.75,3.9,48.35%
2023-9-18,19235223.28,8.09,6.75,1.34,11768365.57,3.85,7.75,3.9,61.18%
2023-9-19,24170161.47,8.09,6.75,1.34,13892430.67,3.85,7.75,3.9,57.48%
