Data/竞争站23年全省.csv
日期,销量（升）,石化站价格,竞争站价格,价差,0号柴油销量（升）,0号柴油价差,0号柴油石化站价格,0号柴油竞争站价格,0号柴油占比
2023-9-20,27135657.31,8.09,6.75,1.34,15891003.75,3.85,7.75,3.9,58.56%
2023-9-21,14120955.43,8.4,6.75,1.65,7554349.05,4.17,8.07,3.9,53.50%
2023-9-22,15500855.33,8.4,6.75,1.65,8702831.28,4.17,8.07,3.9,56.14%
2023-9-23,15318394.41,8.4,6.75,1.65,7910105.98,4.17,8.07,3.9,51.64%
2023-9-24,15926843.66,8.4,6.75,1.65,7515682.52,4.17,8.07,3.9,47.19%
2023-9-25,16871666.25,8.4,6.75,1.65,9991119.17,4.17,8.07,3.9,59.22%
2023-9-26,17695268.42,8.4,6.75,1.65,10728863.73,4.17,8.07,3.9,60.63%
2023-9-27,20420085.1,8.4,6.75,1.65,10903368.91,4.17,8.07,3.9,53.40%
2023-9-28,28924859.85,8.4,6.75,1.65,10193513.57,4.17,8.07,3.9,35.24%
2023-9-29,26248138.71,8.4,6.75,1.65,5445927.96,4.17,8.07,3.9,20.75%
2023-9-30,21784774.92,8.4,6.75,1.65,5492899.78,4.17,8.07,3.9,25.21%
2023-10-1,21169807.89,8.4,6.75,1.65,4881993.34,4.17,8.07,3.9,23.06%
2023-10-2,20849799.69,8.4,6.75,1.65,5571619.62,4.17,8.07,3.9,26.72%
2023-10-3,21217531.3,8.4,6.75,1.65,5793808.98,4.17,8.07,3.9,27.31%
2023-10-4,21442106.4,8.4,6.75,1.65,7447250,4.17,8.07,3.9,34.73%
2023-10-5,21212680.41,8.4,6.75,1.65,8049728.29,4.17,8.07,3.9,37.95%
2023-10-6,20013092.26,8.4,6.75,1.65,8329507.19,4.17,8.07,3.9,41.62%
2023-10-7,16779570.09,8.4,6.75,1.65,9136449.52,4.17,8.07,3.9,54.45%
2023-10-8,16518449.41,8.4,6.75,1.65,9821984.67,4.17,8.07,3.9,59.46%
2023-10-9,15426655.07,8.4,6.75,1.65,10108797.42,4.17,8.07,3.9,65.53%
2023-10-10,15151780.55,8.4,6.75,1.65,9770805.54,4.17,8.07,3.9,64.49%
2023-10-11,17410379.45,8.33,6.75,1.58,11775509.9,4.1,8,3.9,67.63%
2023-10-12,16356503.81,8.33,6.75,1.58,10964950.59,4.1,8,3.9,67.04%
2023-10-13,17325130.2,8.33,6.75,1.58,10284560.56,4.1,8,3.9,59.36%
2023-10-14,16588416.6,8.33,6.75,1.58,9527953.94,4.1,8,3.9,57.44%
2023-10-15,16543510.32,8.33,6.75,1.58,8295406.54,4.1,8,3.9,50.14%
2023-10-16,16446498.25,8.33,6.75,1.58,10319142.56,4.1,8,3.9,62.74%
2023-10-17,15816944.52,8.33,6.75,1.58,10628005.39,4.1,8,3.9,67.19%
2023-10-18,15642265.7,8.33,6.75,1.58,10705167.82,4.1,8,3.9,68.44%
2023-10-19,15707692.87,8.33,6.75,1.58,10421635.47,4.1,8,3.9,66.35%
2023-10-20,17857409.46,8.33,6.75,1.58,10808129.72,4.1,8,3.9,60.52%
2023-10-21,16834327.72,8.33,6.75,1.58,9689022.12,4.1,8,3.9,57.56%
2023-10-22,16685339.69,8.33,6.75,1.58,8160571.34,4.1,8,3.9,48.91%
2023-10-23,16184582.12,8.33,6.75,1.58,10046370.32,4.1,8,3.9,62.07%
2023-10-24,15238482.23,8.33,6.75,1.58,10133567.3,4.1,8,3.9,66.50%
2023-10-25,16603643.33,8.27,6.68,1.59,11962647.97,4.04,7.94,3.9,72.05%
2023-10-26,16146826.36,8.27,6.68,1.59,10863104.42,4.04,7.94,3.9,67.28%
2023-10-27,17387551.6,8.27,6.68,1.59,10912538.07,4.04,7.94,3.9,62.76%
2023-10-28,16723362.6,8.27,6.68,1.59,9790806.03,4.04,7.94,3.9,58.55%
2023-10-29,16748117.16,8.27,6.68,1.59,8271613.7,4.04,7.94,3.9,49.39%
2023-10-30,16376406.81,8.27,6.68,1.59,10352385.35,4.04,7.94,3.9,63.22%
2023-10-31,15885221.74,8.27,6.68,1.59,10800162.28,4.04,7.94,3.9,67.99%
2023-11-1,15881932.77,8.27,6.68,1.59,10636718.82,4.04,7.94,3.9,66.97%
2023-11-2,15714648.57,8.27,6.68,1.59,10476399.71,4.04,7.94,3.9,66.67%
2023-11-3,17007365.83,8.27,6.68,1.59,10550033.37,4.04,7.94,3.9,62.03%
2023-11-4,16483391.78,8.27,6.68,1.59,9023504.07,4.04,7.94,3.9,54.74%
2023-11-5,16403285.99,8.27,6.68,1.59,7222931.76,4.04,7.94,3.9,44.03%
2023-11-6,17122543.4,8.27,6.68,1.59,9771700.17,4.04,7.94,3.9,57.07%
2023-11-7,15863635.13,8.27,6.68,1.59,9606803.64,4.04,7.94,3.9,60.56%
2023-11-8,17459455.86,8.16,6.58,1.58,11763494.5,3.93,7.83,3.9,67.38%
2023-11-9,16647700.88,8.16,6.58,1.58,10176721.87,3.93,7.83,3.9,61.13%
2023-11-10,19208038.85,8.16,6.58,1.58,10181137.72,3.93,7.83,3.9,53.00%
2023-11-11,18377276.67,8.16,6.58,1.58,9377051.36,3.93,7.83,3.9,51.03%
2023-11-12,18819884.51,8.16,6.58,1.58,8184086.06,3.93,7.83,3.9,43.49%
2023-11-13,18377643.86,8.16,6.58,1.58,10503412.28,3.93,7.83,3.9,57.15%
2023-11-14,17337881.18,8.16,6.58,1.58,10651292.45,3.93,7.83,3.9,61.43%
2023-11-15,17028676.49,8.16,6.58,1.58,10675637.41,3.93,7.83,3.9,62.69%
2023-11-16,17383443.46,8.16,6.58,1.58,10251300.3,3.93,7.83,3.9,58.97%
2023-11-17,18645149.57,8.16,6.58,1.58,10494956.1,3.93,7.83,3.9,56.29%
2023-11-18,17764787.09,8.16,6.58,1.58,9091615.42,3.93,7.83,3.9,51.18%
2023-11-19,17165168.94,8.16,6.58,1.58,7722144.54,3.93,7.83,3.9,44.99%
2023-11-20,16145441.38,8.16,6.58,1.58,9436790.87,3.93,7.83,3.9,58.45%
2023-11-21,14647409.08,8.16,6.58,1.58,8438613.32,3.93,7.83,3.9,57.61%
2023-11-22,19859848.02,7.89,6.58,1.31,13115230.22,3.65,7.55,3.9,66.04%
2023-11-23,17641252.99,7.89,6.58,1.31,10882703.38,3.65,7.55,3.9,61.69%
2023-11-24,19530682.25,7.89,6.58,1.31,10825682.79,3.65,7.55,3.9,55.43%
2023-11-25,18497505.13,7.89,6.58,1.31,9433509.12,3.65,7.55,3.9,51.00%
2023-11-26,17876150,7.89,6.58,1.31,7766528.89,3.65,7.55,3.9,43.45%
2023-11-27,17428512.87,7.89,6.58,1.31,9633452.75,3.65,7.55,3.9,55.27%
2023-11-28,16845668.41,7.89,6.58,1.31,9956775.95,3.65,7.55,3.9,59.11%
2023-11-29,16710460.15,7.89,6.58,1.31,10126578.09,3.65,7.55,3.9,60.60%
2023-11-30,17845800.82,7.89,6.58,1.31,10382052.01,3.65,7.55,3.9,58.18%
2023-12-1,19754884.43,7.89,6.58,1.31,10201662.55,3.65,7.55,3.9,51.64%
2023-12-2,18465724.46,7.89,6.58,1.31,8862749.46,3.65,7.55,3.9,48.00%
2023-12-3,18179276.15,7.89,6.58,1.31,7452108.18,3.65,7.55,3.9,40.99%
2023-12-4,17328928.57,7.89,6.58,1.31,9535843.42,3.65,7.55,3.9,55.03%
2023-12-5,16348520.2,7.89,6.58,1.31,9572469.68,3.65,7.55,3.9,58.55%
2023-12-6,16754046.89,7.85,6.48,1.37,10248083.1,3.6,7.5,3.9,61.17%
2023-12-7,16454601.33,7.85,6.48,1.37,9966548.14,3.6,7.5,3.9,60.57%
2023-12-8,17683855.44,7.85,6.48,1.37,9989365.47,3.6,7.5,3.9,56.49%
2023-12-9,16845570.13,7.85,6.48,1.37,8887832.59,3.6,7.5,3.9,52.76%
2023-12-10,17055654.12,7.85,6.48,1.37,6814280.06,3.6,7.5,3.9,39.95%
2023-12-11,17977399.46,7.85,6.48,1.37,8287285.28,3.6,7.5,3.9,46.10%
2023-12-12,17970111.24,7.85,6.48,1.37,9754669.64,3.6,7.5,3.9,54.28%
2023-12-13,16926937.18,7.85,6.48,1.37,9719613.05,3.6,7.5,3.9,57.42%
2023-12-14,16637053.43,7.85,6.48,1.37,9346728.94,3.6,7.5,3.9,56.18%
2023-12-15,19373531.89,7.85,6.48,1.37,9993629.69,3.6,7.5,3.9,51.58%
2023-12-16,18988719.3,7.85,6.48,1.37,8490905.02,3.6,7.5,3.9,44.72%
2023-12-17,18752220.25,7.85,6.48,1.37,6755445.39,3.6,7.5,3.9,36.02%
2023-12-18,18447741.94,7.85,6.48,1.37,7917273.24,3.6,7.5,3.9,42.92%
2023-12-19,15808247.8,7.85,6.48,1.37,7063196.38,3.6,7.5,3.9,44.68%
2023-12-20,23805257.67,7.51,6.19,1.32,12152038.95,3.26,7.16,3.9,51.05%
2023-12-21,22247294.72,7.51,6.48,1.03,10435208.67,3.26,7.16,3.9,46.91%
2023-12-22,22353908.64,7.51,6.48,1.03,10126576.05,3.26,7.16,3.9,45.30%
2023-12-23,19889383.02,7.51,6.48,1.03,8486009.5,3.26,7.16,3.9,42.67%
2023-12-24,19530441.27,7.51,6.48,1.03,7325946.23,3.26,7.16,3.9,37.51%
2023-12-25,19244867.9,7.51,6.48,1.03,9547529.09,3.26,7.16,3.9,49.61%
2023-12-26,18194623.3,7.51,6.48,1.03,10068201.44,3.26,7.16,3.9,55.34%
2023-12-27,17614287.55,7.51,6.28,1.23,10125391.73,3.26,7.16,3.9,57.48%
2023-12-28,17571393.29,7.51,6.28,1.23,9765759.44,3.26,7.16,3.9,55.58%
2023-12-29,20345903.28,7.51,6.28,1.23,9886842.88,3.26,7.16,3.9,48.59%
2023-12-30,19210720.45,7.51,6.28,1.23,8168634.53,3.26,7.16,3.9,42.52%
2023-12-31,20088115.17,7.51,6.28,1.23,6919622.17,3.26,7.16,3.9,34.45%
